../Core/Src/gpio.c:42:6:MX_GPIO_Init	48	static
../Core/Src/gpio.c:92:6:powerOutputEnable	8	static
../Core/Src/gpio.c:93:6:powerOutputDisable	8	static
../Core/Src/gpio.c:94:6:mouseLedEnable	8	static
../Core/Src/gpio.c:95:6:mouseLedDisable	8	static
../Core/Src/gpio.c:97:6:setErrorLedHigh	8	static
../Core/Src/gpio.c:98:6:setErrorLedLow	8	static
../Core/Src/gpio.c:100:6:setOutSwLedHigh	8	static
../Core/Src/gpio.c:101:6:setOutSwLedLow	8	static
../Core/Src/gpio.c:103:6:setHVWarningLedHigh	8	static
../Core/Src/gpio.c:104:6:setHVWarningLedLow	8	static
../Core/Src/gpio.c:106:6:setCanEnCmdLedHigh	8	static
../Core/Src/gpio.c:107:6:setCanEnCmdLedLow	8	static
../Core/Src/gpio.c:109:6:setChargingLedHigh	8	static
../Core/Src/gpio.c:110:6:setChargingLedLow	8	static
../Core/Src/gpio.c:112:6:isPushedUserSw1	8	static
../Core/Src/gpio.c:113:6:isPushedUserSw2	8	static
