../Core/Src/main.c:41:5:_write	24	static
../Core/Src/main.c:91:6:setTargetVoltage	16	static
../Core/Src/main.c:105:6:startKick	16	static
../Core/Src/main.c:115:6:startCharge	8	static
../Core/Src/main.c:123:6:HAL_CAN_RxFifo0MsgPendingCallback	16	static
../Core/Src/main.c:173:6:sendCan	8	static
../Core/Src/main.c:188:6:updateADCs	16	static
../Core/Src/main.c:201:6:protecter	56	static
../Core/Src/main.c:221:5:main	128	static
../Core/Src/main.c:444:6:SystemClock_Config	128	static
../Core/Src/main.c:495:6:Error_Handler	4	static,ignoring_inline_asm
