../Core/Src/main.c:56:6:HAL_UART_TxCpltCallback	16	static
../Core/Src/main.c:77:6:p	16	static
../Core/Src/main.c:188:6:setTargetVoltage	16	static
../Core/Src/main.c:206:6:startKick	16	static
../Core/Src/main.c:215:6:startCharge	4	static
../Core/Src/main.c:224:6:HAL_CAN_RxFifo0MsgPendingCallback	48	static
../Core/Src/main.c:304:6:sendCan	8	static
../Core/Src/main.c:317:6:sendCanMouse	16	static
../Core/Src/main.c:338:6:updateADCs	16	static
../Core/Src/main.c:376:6:protecter	72	static
../Core/Src/main.c:462:6:boostControl	8	static
../Core/Src/main.c:502:6:kickControl	8	static
../Core/Src/main.c:529:6:userInterface	88	static
../Core/Src/main.c:584:6:connectionTest	128	static
../Core/Src/main.c:680:5:main	16	static
../Core/Src/main.c:841:6:SystemClock_Config	128	static
../Core/Src/main.c:888:6:Error_Handler	4	static,ignoring_inline_asm
